// Jest Snapshot v1, https://goo.gl/fbAQLP

exports[`renders the UI as expected 1`] = `
<div
  className="FilterOptions"
>
  <div
    className="FilterOptions__option"
  >
    <label
      htmlFor="filter_recipeType"
    >
      Recipe Type:
      <select
        className="recipeTypeFilter"
        onChange={[Function]}
      >
        <option
          value={true}
        />
        <option
          value="breakfast"
        >
          Breakfast
        </option>
        <option
          value="lunch"
        >
          Lunch
        </option>
        <option
          value="dinner"
        >
          Dinner
        </option>
        <option
          value="dessert"
        >
          Dessert
        </option>
        <option
          value="snack"
        >
          Snack
        </option>
        <option
          value="Breads and Crackers"
        >
          Breads and Crackers
        </option>
        <option
          value="Side Dish"
        >
          Side Dish
        </option>
        <option
          value="fat-bombs"
        >
          Fat Bombs
        </option>
      </select>
    </label>
  </div>
  <div
    className="FilterOptions__option"
  >
    <label
      htmlFor="filter_cuisine_type"
    >
      Cuisine Type:
      <select
        className="cuisine_typeFilter"
        onChange={[Function]}
      >
        <option
          value={true}
        />
        <option
          value="Universal"
        >
          Universal
        </option>
        <option
          value="American"
        >
          American
        </option>
        <option
          value="Chinese"
        >
          Chinese
        </option>
        <option
          value="French"
        >
          French
        </option>
        <option
          value="German"
        >
          German
        </option>
        <option
          value="Greek"
        >
          Greek
        </option>
        <option
          value="Indian"
        >
          Indian
        </option>
        <option
          value="Irish"
        >
          Irish
        </option>
        <option
          value="Italian"
        >
          Italian
        </option>
        <option
          value="Japanese"
        >
          Japanese
        </option>
        <option
          value="Korean"
        >
          Korean
        </option>
        <option
          value="Mexican"
        >
          Mexican
        </option>
        <option
          value="Middle Eastern"
        >
          Middle Eastern
        </option>
        <option
          value="Russian"
        >
          Russian
        </option>
        <option
          value="Spanish"
        >
          Spanish
        </option>
        <option
          value="Thai"
        >
          Thai
        </option>
        <option
          value="Vietnamese"
        >
          Vietnamese
        </option>
      </select>
    </label>
  </div>
</div>
`;
