// Jest Snapshot v1, https://goo.gl/fbAQLP

exports[`App renders the UI as expected 1`] = `
<div
  className="App"
>
  <main>
    <header
      className="heading"
    >
      <div
        className="landing-image"
      >
        <h1>
          Vegan Ketopia
        </h1>
        <a
          className="login-page-link"
          href="/"
          onClick={[Function]}
        />
      </div>
      <nav
        className="login-page-heading"
      >
        <a
          className="login-page-login login-page-link"
          href="/login"
          onClick={[Function]}
        >
          Login
        </a>
         
        <a
          className="login-page-register login-page-link"
          href="/register"
          onClick={[Function]}
        >
          Sign up
        </a>
      </nav>
    </header>
    <div
      className="Landing"
    >
      <header
        className="flex-container"
        id="Landing-Header"
      >
        <div
          className="flex-item branding"
        />
        <div
          className="flex-item"
        />
      </header>
      <section
        id="landingDocumentation"
      >
        <div
          className="site-description"
        >
          <h2
            className="Landing-Slogan"
          >
            The Cruelty Free Keto Recipe Stop!
          </h2>
          <h3
            className="intro-info"
          >
            What is Vegan Ketopia
          </h3>
          <p
            className="intro-container"
          >
            Vegan Ketopia is your one stop for healthy and tasty vegan keto meals. You will have the ability to search for recipes using ingredients, macros, meal type or cuisine type.  You will have the ability to add any of your favorite recipes to the app, as well as mark your favorites.
          </p>
          <div
            className="login-signup"
          >
            <div
              className="LoginBtn"
            >
              <label
                className="login-label"
              >
                Login: 
              </label>
              <a
                className="login-btn"
                href="/login"
                onClick={[Function]}
              >
                Enter to find the tastiest recipes!
              </a>
            </div>
            <div
              className="RegistrationBtn"
            >
              <label
                className="registration-label"
              >
                Sign Up:
              </label>
              <a
                className="registration-btn"
                href="/register"
                onClick={[Function]}
              >
                Come Join the Fun!
              </a>
            </div>
          </div>
          <div
            className="sampleImages"
          />
        </div>
      </section>
      <section
        id="Landing-Buttons"
      >
        <hr
          id="Connect-Divider"
        />
        <div
          id="buttons"
        />
      </section>
    </div>
  </main>
</div>
`;
